lv_color.h:611:26:lv_color_make	16	static
lv_color.h:616:26:lv_color_hex	16	static
lv_color.h:683:26:lv_color_white	8	static
lv_disp.h:162:26:lv_scr_act	8	static
lv_disp.h:171:26:lv_layer_top	8	static
lv_disp.h:185:20:lv_scr_load	16	static
lv_demo_music.c:114:6:lv_demo_music	16	static
lv_demo_music.c:126:14:_lv_demo_music_get_title	16	static
lv_demo_music.c:132:14:_lv_demo_music_get_artist	16	static
lv_demo_music.c:138:14:_lv_demo_music_get_genre	16	static
lv_demo_music.c:144:10:_lv_demo_music_get_track_length	16	static
lv_demo_music.c:155:13:auto_step_cb	48	static
