lv_math.h:49:45:lv_trigo_cos	16	static
lv_anim.h:119:20:lv_anim_set_var	16	static
lv_anim.h:131:20:lv_anim_set_exec_cb	16	static
lv_anim.h:141:20:lv_anim_set_time	16	static
lv_anim.h:151:20:lv_anim_set_delay	16	static
lv_anim.h:162:20:lv_anim_set_values	24	static
lv_anim.h:189:20:lv_anim_set_path_cb	16	static
lv_anim.h:220:20:lv_anim_set_ready_cb	16	static
lv_anim.h:229:20:lv_anim_set_playback_time	16	static
lv_color.h:459:48:lv_color_mix	32	static
lv_color.h:611:26:lv_color_make	16	static
lv_color.h:616:26:lv_color_hex	16	static
lv_area.h:278:26:lv_pct	16	static
lv_font.h:118:26:lv_font_get_line_height	16	static
lv_obj_style.h:92:20:lv_obj_remove_style_all	16	static
lv_obj_style_gen.h:139:24:lv_obj_get_style_opa	24	static
lv_obj_style.h:199:20:lv_obj_set_style_pad_all	24	static
lv_disp.h:162:26:lv_scr_act	8	static
lv_slider.h:84:20:lv_slider_set_value	24	static
lv_slider.h:106:20:lv_slider_set_range	24	static
lv_api_map.h:55:20:lv_obj_move_foreground	24	static
lv_demo_music_main.c:105:12:_lv_demo_music_main_create	136	static
lv_demo_music_main.c:273:6:_lv_demo_music_album_next	24	static
lv_demo_music_main.c:294:6:_lv_demo_music_play	16	static
lv_demo_music_main.c:301:6:_lv_demo_music_resume	88	static
lv_demo_music_main.c:322:6:_lv_demo_music_pause	8	static
lv_demo_music_main.c:338:19:create_cont	40	static
lv_demo_music_main.c:405:13:create_wave_images	32	static
lv_demo_music_main.c:442:19:create_title_box	32	static
lv_demo_music_main.c:471:19:create_icon_box	24	static
lv_demo_music_main.c:497:19:create_spectrum_obj	24	static
lv_demo_music_main.c:514:19:create_ctrl_box	48	static
lv_demo_music_main.c:595:19:create_handle	32	static
lv_demo_music_main.c:624:13:track_load	96	static
lv_demo_music_main.c:691:9:get_cos	24	static
lv_demo_music_main.c:699:9:get_sin	24	static
lv_demo_music_main.c:708:13:spectrum_draw_event_cb	328	static
lv_demo_music_main.c:831:13:spectrum_anim_cb	24	static
lv_demo_music_main.c:861:13:start_anim_cb	24	static
lv_demo_music_main.c:868:19:album_img_create	24	static
lv_demo_music_main.c:904:13:album_gesture_event_cb	24	static
lv_demo_music_main.c:911:13:play_event_click_cb	24	static
lv_demo_music_main.c:921:13:prev_click_event_cb	16	static
lv_demo_music_main.c:926:13:next_click_event_cb	24	static
lv_demo_music_main.c:935:13:timer_cb	24	static
lv_demo_music_main.c:942:13:spectrum_end_cb	16	static
lv_demo_music_main.c:948:13:stop_start_anim	16	static
