lv_color.h:395:24:lv_color_to32	24	static
lv_color.h:459:48:lv_color_mix	32	static
lv_color.h:544:42:lv_color_mix_with_alpha	24	static
lv_color.h:603:23:lv_color_brightness	24	static
lv_color.h:611:26:lv_color_make	16	static
lv_color.h:616:26:lv_color_hex	16	static
lv_color.h:683:26:lv_color_white	8	static
lv_color.h:687:26:lv_color_black	8	static
lv_obj_style.h:92:20:lv_obj_remove_style_all	16	static
lv_hal_disp.c:74:6:lv_disp_drv_init	24	static
lv_hal_disp.c:101:6:lv_disp_draw_buf_init	24	static
lv_hal_disp.c:117:13:lv_disp_drv_register	40	static
lv_hal_disp.c:187:6:lv_disp_drv_update	32	static
lv_hal_disp.c:228:6:lv_disp_remove	24	static
lv_hal_disp.c:268:6:lv_disp_set_default	16	static
lv_hal_disp.c:277:13:lv_disp_get_default	4	static
lv_hal_disp.c:287:12:lv_disp_get_hor_res	16	static
lv_hal_disp.c:310:12:lv_disp_get_ver_res	16	static
lv_hal_disp.c:333:6:lv_disp_get_antialiasing	16	static
lv_hal_disp.c:346:12:lv_disp_get_dpi	16	static
lv_hal_disp.c:357:31:lv_disp_flush_ready	16	static
lv_hal_disp.c:376:31:lv_disp_flush_is_last	16	static
lv_hal_disp.c:386:13:lv_disp_get_next	16	static
lv_hal_disp.c:399:22:lv_disp_get_draw_buf	16	static
lv_hal_disp.c:409:6:lv_disp_set_rotation	16	static
lv_hal_disp.c:423:15:lv_disp_get_rotation	16	static
lv_hal_disp.c:430:6:lv_disp_drv_use_generic_set_px_cb	16	static
lv_hal_disp.c:457:31:invalidate_layout_cb	16	static
lv_hal_disp.c:464:13:set_px_cb_alpha1	48	static
lv_hal_disp.c:478:13:set_px_cb_alpha2	48	static
lv_hal_disp.c:492:13:set_px_cb_alpha4	48	static
lv_hal_disp.c:506:13:set_px_cb_alpha8	48	static
lv_hal_disp.c:520:13:set_px_alpha_generic	32	static
lv_hal_disp.c:534:13:set_px_true_color_alpha	56	static
