lv_obj_style_gen.h:91:26:lv_obj_get_style_pad_top	24	static
lv_obj_style_gen.h:97:26:lv_obj_get_style_pad_bottom	24	static
lv_obj_style_gen.h:103:26:lv_obj_get_style_pad_left	24	static
lv_obj_style_gen.h:109:26:lv_obj_get_style_pad_right	24	static
lv_obj_style_gen.h:500:26:lv_obj_get_style_arc_width	24	static
lv_obj_style_gen.h:506:20:lv_obj_get_style_arc_rounded	24	static
lv_arc.c:65:12:lv_arc_create	24	static
lv_arc.c:90:6:lv_arc_set_start_angle	24	static
lv_arc.c:115:6:lv_arc_set_end_angle	24	static
lv_arc.c:140:6:lv_arc_set_angles	16	static
lv_arc.c:151:6:lv_arc_set_bg_start_angle	24	static
lv_arc.c:178:6:lv_arc_set_bg_end_angle	24	static
lv_arc.c:206:6:lv_arc_set_bg_angles	16	static
lv_arc.c:217:6:lv_arc_set_rotation	24	static
lv_arc.c:232:6:lv_arc_set_mode	32	static
lv_arc.c:266:6:lv_arc_set_value	24	static
lv_arc.c:289:6:lv_arc_set_range	24	static
lv_arc.c:315:6:lv_arc_set_change_rate	24	static
lv_arc.c:332:10:lv_arc_get_angle_start	16	static
lv_arc.c:343:10:lv_arc_get_angle_end	16	static
lv_arc.c:354:10:lv_arc_get_bg_angle_start	16	static
lv_arc.c:365:10:lv_arc_get_bg_angle_end	16	static
lv_arc.c:377:9:lv_arc_get_value	16	static
lv_arc.c:388:9:lv_arc_get_min_value	16	static
lv_arc.c:399:9:lv_arc_get_max_value	16	static
lv_arc.c:410:15:lv_arc_get_mode	16	static
lv_arc.c:428:13:lv_arc_constructor	24	static
lv_arc.c:459:13:lv_arc_event	128	static
lv_arc.c:625:13:lv_arc_draw	216	static
lv_arc.c:706:13:inv_arc_area	88	static
lv_arc.c:754:13:get_center	48	static
lv_arc.c:772:13:get_knob_area	64	static
lv_arc.c:811:13:value_update	48	static
