stm32h7xx_hal_msp.c:64:6:HAL_MspInit	16	static
stm32h7xx_hal_msp.c:85:6:HAL_DMA2D_MspInit	24	static
stm32h7xx_hal_msp.c:110:6:HAL_DMA2D_MspDeInit	16	static
stm32h7xx_hal_msp.c:135:6:HAL_DSI_MspInit	240	static
stm32h7xx_hal_msp.c:189:6:HAL_DSI_MspDeInit	16	static
stm32h7xx_hal_msp.c:225:6:HAL_LTDC_MspInit	216	static
stm32h7xx_hal_msp.c:267:6:HAL_LTDC_MspDeInit	16	static
stm32h7xx_hal_msp.c:292:6:HAL_QSPI_MspInit	248	static
stm32h7xx_hal_msp.c:384:6:HAL_QSPI_MspDeInit	16	static
stm32h7xx_hal_msp.c:427:6:HAL_RTC_MspInit	208	static
stm32h7xx_hal_msp.c:459:6:HAL_RTC_MspDeInit	16	static
stm32h7xx_hal_msp.c:481:6:HAL_TIM_Base_MspInit	24	static
stm32h7xx_hal_msp.c:506:6:HAL_TIM_Base_MspDeInit	16	static
stm32h7xx_hal_msp.c:527:13:HAL_FMC_MspInit	224	static
stm32h7xx_hal_msp.c:680:6:HAL_SDRAM_MspInit	16	static
stm32h7xx_hal_msp.c:692:13:HAL_FMC_MspDeInit	8	static
stm32h7xx_hal_msp.c:803:6:HAL_SDRAM_MspDeInit	16	static
