lv_anim.h:119:20:lv_anim_set_var	16	static
lv_anim.h:131:20:lv_anim_set_exec_cb	16	static
lv_anim.h:141:20:lv_anim_set_time	16	static
lv_anim.h:162:20:lv_anim_set_values	24	static
lv_anim.h:229:20:lv_anim_set_playback_time	16	static
lv_anim.h:249:20:lv_anim_set_repeat_count	16	static
lv_color.h:611:26:lv_color_make	16	static
lv_color.h:683:26:lv_color_white	8	static
lv_color.h:687:26:lv_color_black	8	static
lv_area.h:133:26:lv_area_get_width	16	static
lv_area.h:143:26:lv_area_get_height	16	static
lv_area.h:278:26:lv_pct	16	static
lv_obj_pos.h:187:20:lv_obj_center	16	static
lv_obj_style.h:92:20:lv_obj_remove_style_all	16	static
lv_obj_style.h:199:20:lv_obj_set_style_pad_all	24	static
lv_obj_style.h:207:20:lv_obj_set_style_pad_hor	24	static
lv_obj_style.h:219:20:lv_obj_set_style_pad_gap	24	static
lv_obj_style.h:225:20:lv_obj_set_style_size	24	static
lv_disp.h:162:26:lv_scr_act	8	static
lv_disp.h:171:26:lv_layer_top	8	static
lv_slider.h:130:23:lv_slider_get_value	16	static
lv_demo_widgets.c:92:6:lv_demo_widgets	56	static
lv_demo_widgets.c:195:13:profile_create	152	static
lv_demo_widgets.c:520:13:analytics_create	144	static
lv_demo_widgets.c:769:6:shop_create	72	static
lv_demo_widgets.c:944:13:color_changer_create	40	static
lv_demo_widgets.c:995:13:color_changer_anim_cb	48	static
lv_demo_widgets.c:1020:13:color_changer_event_cb	96	static
lv_demo_widgets.c:1043:13:color_event_cb	120	static
lv_demo_widgets.c:1074:19:create_meter_box	80	static
lv_demo_widgets.c:1146:19:create_shop_item	56	static
lv_demo_widgets.c:1177:13:ta_event_cb	40	static
lv_demo_widgets.c:1205:13:birthday_event_cb	32	static
lv_demo_widgets.c:1230:13:calendar_event_cb	72	static
lv_demo_widgets.c:1251:13:slider_event_cb	168	static
lv_demo_widgets.c:1295:13:chart_event_cb	232	static
lv_demo_widgets.c:1416:13:shop_chart_event_cb	104	static
lv_demo_widgets.c:1468:13:meter1_indic1_anim_cb	24	static
lv_demo_widgets.c:1477:13:meter1_indic2_anim_cb	24	static
lv_demo_widgets.c:1487:13:meter1_indic3_anim_cb	24	static
lv_demo_widgets.c:1496:13:meter2_timer_cb	40	static
lv_demo_widgets.c:1555:13:meter3_anim_cb	24	static
