lv_color.h:459:48:lv_color_mix	32	static
lv_color.h:611:26:lv_color_make	16	static
lv_color.h:616:26:lv_color_hex	16	static
lv_color.h:627:20:lv_color_filter_dsc_init	16	static
lv_color.h:683:26:lv_color_white	8	static
lv_area.h:278:26:lv_pct	16	static
lv_style.h:427:20:lv_style_set_pad_all	16	static
lv_style.h:435:20:lv_style_set_pad_hor	16	static
lv_style.h:441:20:lv_style_set_pad_ver	16	static
lv_style.h:447:20:lv_style_set_pad_gap	16	static
lv_style.h:453:20:lv_style_set_size	16	static
lv_disp.h:235:26:lv_disp_dpx	16	static
lv_theme_default.c:187:19:dark_color_filter_cb	16	static
lv_theme_default.c:193:19:grey_filter_cb	16	static
lv_theme_default.c:200:13:style_init	24	static
lv_theme_default.c:572:14:lv_theme_default_init	24	static
lv_theme_default.c:606:14:lv_theme_default_get	4	static
lv_theme_default.c:613:6:lv_theme_default_is_inited	4	static
lv_theme_default.c:619:13:theme_apply	24	static
lv_theme_default.c:1029:13:style_init_reset	16	static
