lv_anim.h:119:20:lv_anim_set_var	16	static
lv_anim.h:131:20:lv_anim_set_exec_cb	16	static
lv_anim.h:141:20:lv_anim_set_time	16	static
lv_anim.h:151:20:lv_anim_set_delay	16	static
lv_anim.h:220:20:lv_anim_set_ready_cb	16	static
lv_obj_style_gen.h:188:29:lv_obj_get_style_base_dir	24	static
lv_obj_tree.c:49:6:lv_obj_del	32	static
lv_obj_tree.c:87:6:lv_obj_clean	24	static
lv_obj_tree.c:111:6:lv_obj_del_delayed	88	static
lv_obj_tree.c:123:6:lv_obj_del_anim_ready_cb	16	static
lv_obj_tree.c:128:6:lv_obj_del_async	16	static
lv_obj_tree.c:134:6:lv_obj_set_parent	40	static
lv_obj_tree.c:203:6:lv_obj_move_to_index	32	static
lv_obj_tree.c:234:6:lv_obj_swap	32	static
lv_obj_tree.c:259:12:lv_obj_get_screen	24	static
lv_obj_tree.c:274:13:lv_obj_get_disp	32	static
lv_obj_tree.c:295:12:lv_obj_get_parent	16	static
lv_obj_tree.c:303:12:lv_obj_get_child	24	static
lv_obj_tree.c:323:10:lv_obj_get_child_cnt	16	static
lv_obj_tree.c:330:10:lv_obj_get_index	24	static
lv_obj_tree.c:345:6:lv_obj_tree_walk	24	static
lv_obj_tree.c:354:13:lv_obj_del_async_cb	16	static
lv_obj_tree.c:361:13:obj_del_core	64	static
lv_obj_tree.c:428:31:walk_core	40	static
