lv_area.h:120:20:lv_area_copy	16	static
lv_area.h:133:26:lv_area_get_width	16	static
lv_area.h:143:26:lv_area_get_height	16	static
lv_color.h:611:26:lv_color_make	16	static
lv_color.h:683:26:lv_color_white	8	static
lv_color.h:687:26:lv_color_black	8	static
lv_disp.h:180:26:lv_layer_sys	8	static
lv_refr.c:72:6:_lv_refr_init	4	static
lv_refr.c:84:6:lv_refr_now	24	static
lv_refr.c:107:6:_lv_inv_area	40	static
lv_refr.c:162:13:_lv_refr_get_disp_refreshing	4	static
lv_refr.c:173:6:_lv_refr_set_disp_refreshing	16	static
lv_refr.c:182:6:_lv_disp_refr_timer	96	static
lv_refr.c:319:10:lv_refr_get_fps_avg	4	static
lv_refr.c:332:13:lv_refr_join_area	32	static
lv_refr.c:369:13:lv_refr_areas	16	static
lv_refr.c:405:13:lv_refr_area	64	static
lv_refr.c:492:13:lv_refr_area_part	136	static
lv_refr.c:581:19:lv_refr_get_top_obj	40	static
lv_refr.c:621:13:lv_refr_obj_and_children	40	static
lv_refr.c:672:13:lv_refr_obj	72	static
lv_refr.c:744:13:draw_buf_rotate_180	48	static
lv_refr.c:768:35:draw_buf_rotate_90	48	static
lv_refr.c:791:20:draw_buf_rotate4	32	static
lv_refr.c:805:13:draw_buf_rotate_90_sqr	32	static
lv_refr.c:835:13:draw_buf_rotate	48	static
lv_refr.c:924:13:draw_buf_flush	24	static
lv_refr.c:963:13:call_flush_cb	24	static
