lv_anim.h:119:20:lv_anim_set_var	16	static
lv_anim.h:131:20:lv_anim_set_exec_cb	16	static
lv_anim.h:141:20:lv_anim_set_time	16	static
lv_anim.h:162:20:lv_anim_set_values	24	static
lv_anim.h:229:20:lv_anim_set_playback_time	16	static
lv_anim.h:249:20:lv_anim_set_repeat_count	16	static
lv_color.h:611:26:lv_color_make	16	static
lv_color.h:616:26:lv_color_hex	16	static
lv_area.h:278:26:lv_pct	16	static
lv_obj_style.h:92:20:lv_obj_remove_style_all	16	static
lv_disp.h:162:26:lv_scr_act	8	static
lv_demo_benchmark.c:91:13:rectangle_cb	8	static
lv_demo_benchmark.c:98:13:rectangle_rounded_cb	8	static
lv_demo_benchmark.c:106:13:rectangle_circle_cb	8	static
lv_demo_benchmark.c:114:13:border_cb	8	static
lv_demo_benchmark.c:122:13:border_rounded_cb	8	static
lv_demo_benchmark.c:132:13:border_circle_cb	8	static
lv_demo_benchmark.c:141:13:border_top_cb	8	static
lv_demo_benchmark.c:152:13:border_left_cb	8	static
lv_demo_benchmark.c:162:13:border_top_left_cb	8	static
lv_demo_benchmark.c:172:13:border_left_right_cb	8	static
lv_demo_benchmark.c:182:13:border_top_bottom_cb	8	static
lv_demo_benchmark.c:193:13:shadow_small_cb	8	static
lv_demo_benchmark.c:204:13:shadow_small_ofs_cb	8	static
lv_demo_benchmark.c:218:13:shadow_large_cb	8	static
lv_demo_benchmark.c:228:13:shadow_large_ofs_cb	8	static
lv_demo_benchmark.c:242:13:img_rgb_cb	16	static
lv_demo_benchmark.c:249:13:img_argb_cb	16	static
lv_demo_benchmark.c:257:13:img_ckey_cb	16	static
lv_demo_benchmark.c:265:13:img_index_cb	16	static
lv_demo_benchmark.c:273:13:img_alpha_cb	16	static
lv_demo_benchmark.c:281:13:img_rgb_recolor_cb	16	static
lv_demo_benchmark.c:290:13:img_argb_recolor_cb	16	static
lv_demo_benchmark.c:298:13:img_ckey_recolor_cb	16	static
lv_demo_benchmark.c:306:13:img_index_recolor_cb	16	static
lv_demo_benchmark.c:315:13:img_rgb_rot_cb	16	static
lv_demo_benchmark.c:322:13:img_rgb_rot_aa_cb	16	static
lv_demo_benchmark.c:329:13:img_argb_rot_cb	16	static
lv_demo_benchmark.c:336:13:img_argb_rot_aa_cb	16	static
lv_demo_benchmark.c:343:13:img_rgb_zoom_cb	16	static
lv_demo_benchmark.c:351:13:img_rgb_zoom_aa_cb	16	static
lv_demo_benchmark.c:360:13:img_argb_zoom_cb	16	static
lv_demo_benchmark.c:368:13:img_argb_zoom_aa_cb	16	static
lv_demo_benchmark.c:375:13:txt_small_cb	8	static
lv_demo_benchmark.c:384:13:txt_medium_cb	8	static
lv_demo_benchmark.c:393:13:txt_large_cb	8	static
lv_demo_benchmark.c:402:13:txt_small_compr_cb	8	static
lv_demo_benchmark.c:411:13:txt_medium_compr_cb	8	static
lv_demo_benchmark.c:420:13:txt_large_compr_cb	8	static
lv_demo_benchmark.c:430:13:line_cb	8	static
lv_demo_benchmark.c:439:13:arc_think_cb	8	static
lv_demo_benchmark.c:448:13:arc_thick_cb	8	static
lv_demo_benchmark.c:458:13:sub_rectangle_cb	8	static
lv_demo_benchmark.c:467:13:sub_border_cb	8	static
lv_demo_benchmark.c:478:13:sub_shadow_cb	8	static
lv_demo_benchmark.c:491:13:sub_img_cb	16	static
lv_demo_benchmark.c:499:13:sub_line_cb	8	static
lv_demo_benchmark.c:509:13:sub_arc_cb	8	static
lv_demo_benchmark.c:518:13:sub_text_cb	8	static
lv_demo_benchmark.c:628:6:lv_demo_benchmark	32	static
lv_demo_benchmark.c:660:13:monitor_cb	24	static
lv_demo_benchmark.c:675:13:scene_next_task_cb	352	static
lv_demo_benchmark.c:869:13:rect_create	32	static
lv_demo_benchmark.c:887:13:img_create	40	static
lv_demo_benchmark.c:906:13:txt_create	24	static
lv_demo_benchmark.c:922:13:line_create	40	static
lv_demo_benchmark.c:950:13:arc_create	104	static
lv_demo_benchmark.c:979:13:fall_anim	96	static
lv_demo_benchmark.c:998:13:rnd_reset	4	static
lv_demo_benchmark.c:1003:16:rnd_next	32	static
