stm32h757i_discovery_ts.c:122:9:BSP_TS_Init	40	static
stm32h757i_discovery_ts.c:173:9:BSP_TS_DeInit	24	static
stm32h757i_discovery_ts.c:202:9:BSP_TS_GetCapabilities	24	static
stm32h757i_discovery_ts.c:224:9:BSP_TS_EnableIT	48	static
stm32h757i_discovery_ts.c:270:9:BSP_TS_DisableIT	40	static
stm32h757i_discovery_ts.c:306:13:BSP_TS_Callback	16	static
stm32h757i_discovery_ts.c:321:9:BSP_TS_GetState	48	static
stm32h757i_discovery_ts.c:407:9:BSP_TS_Get_MultiTouchState	96	static
stm32h757i_discovery_ts.c:498:9:BSP_TS_GestureConfig	24	static
stm32h757i_discovery_ts.c:523:9:BSP_TS_GetGestureId	24	static
stm32h757i_discovery_ts.c:580:9:BSP_TS_Set_Orientation	16	static
stm32h757i_discovery_ts.c:592:9:BSP_TS_Get_Orientation	16	static
stm32h757i_discovery_ts.c:603:6:BSP_TS_IRQHandler	16	static
stm32h757i_discovery_ts.c:620:16:FT6X06_Probe	72	static
stm32h757i_discovery_ts.c:677:13:TS_EXTI_Callback	8	static
