stm32h757i_discovery_lcd.c:220:9:BSP_LCD_Init	24	static
stm32h757i_discovery_lcd.c:234:9:BSP_LCD_InitEx	64	static
stm32h757i_discovery_lcd.c:381:9:BSP_LCD_DeInit	24	static
stm32h757i_discovery_lcd.c:428:9:BSP_LCD_InitHDMI	248	static
stm32h757i_discovery_lcd.c:637:6:BSP_LCD_Reset	40	static
stm32h757i_discovery_lcd.c:661:13:LCD_InitSequence	40	static
stm32h757i_discovery_lcd.c:705:13:LCD_DeInitSequence	32	static
stm32h757i_discovery_lcd.c:725:26:MX_DSIHOST_DSI_Init	144	static
stm32h757i_discovery_lcd.c:791:26:MX_LTDC_Init	24	static
stm32h757i_discovery_lcd.c:822:26:MX_LTDC_ConfigLayer	80	static
stm32h757i_discovery_lcd.c:850:26:MX_LTDC_ClockConfig	208	static
stm32h757i_discovery_lcd.c:872:26:MX_LTDC_ClockConfig2	208	static
stm32h757i_discovery_lcd.c:1002:9:BSP_LCD_ConfigLayer	32	static
stm32h757i_discovery_lcd.c:1025:9:BSP_LCD_SetActiveLayer	24	static
stm32h757i_discovery_lcd.c:1046:9:BSP_LCD_GetPixelFormat	24	static
stm32h757i_discovery_lcd.c:1071:9:BSP_LCD_Relaod	24	static
stm32h757i_discovery_lcd.c:1105:9:BSP_LCD_SetLayerVisible	32	static
stm32h757i_discovery_lcd.c:1141:9:BSP_LCD_SetTransparency	32	static
stm32h757i_discovery_lcd.c:1171:9:BSP_LCD_SetLayerAddress	32	static
stm32h757i_discovery_lcd.c:1204:9:BSP_LCD_SetLayerWindow	32	static
stm32h757i_discovery_lcd.c:1241:9:BSP_LCD_SetColorKeying	32	static
stm32h757i_discovery_lcd.c:1273:9:BSP_LCD_ResetColorKeying	24	static
stm32h757i_discovery_lcd.c:1304:9:BSP_LCD_GetXSize	24	static
stm32h757i_discovery_lcd.c:1326:9:BSP_LCD_GetYSize	24	static
stm32h757i_discovery_lcd.c:1347:9:BSP_LCD_DisplayOn	24	static
stm32h757i_discovery_lcd.c:1375:9:BSP_LCD_DisplayOff	24	static
stm32h757i_discovery_lcd.c:1404:9:BSP_LCD_SetBrightness	24	static
stm32h757i_discovery_lcd.c:1429:9:BSP_LCD_GetBrightness	24	static
stm32h757i_discovery_lcd.c:1456:9:BSP_LCD_DrawBitmap	72	static
stm32h757i_discovery_lcd.c:1519:9:BSP_LCD_FillRGBRect	40	static
stm32h757i_discovery_lcd.c:1565:9:BSP_LCD_DrawHLine	48	static
stm32h757i_discovery_lcd.c:1591:9:BSP_LCD_DrawVLine	48	static
stm32h757i_discovery_lcd.c:1618:9:BSP_LCD_FillRect	48	static
stm32h757i_discovery_lcd.c:1639:9:BSP_LCD_ReadPixel	24	static
stm32h757i_discovery_lcd.c:1663:9:BSP_LCD_WritePixel	24	static
stm32h757i_discovery_lcd.c:1695:13:LL_FillBuffer	40	static
stm32h757i_discovery_lcd.c:1740:13:LL_ConvertLineToRGB	40	static
stm32h757i_discovery_lcd.c:1793:13:LTDC_MspInit	24	static
stm32h757i_discovery_lcd.c:1812:13:LTDC_MspDeInit	16	static
stm32h757i_discovery_lcd.c:1829:13:DMA2D_MspInit	24	static
stm32h757i_discovery_lcd.c:1847:13:DMA2D_MspDeInit	16	static
stm32h757i_discovery_lcd.c:1867:13:DSI_MspInit	24	static
stm32h757i_discovery_lcd.c:1885:13:DSI_MspDeInit	16	static
stm32h757i_discovery_lcd.c:1908:16:DSI_IO_Write	40	static
stm32h757i_discovery_lcd.c:1938:16:DSI_IO_Read	48	static
stm32h757i_discovery_lcd.c:1957:13:LCD_Get_HDMI_VideoModeTiming	16	static
stm32h757i_discovery_lcd.c:1994:13:LTDC_HDMI_Init	16	static
stm32h757i_discovery_lcd.c:2025:16:ADV7533_Probe	40	static
stm32h757i_discovery_lcd.c:2078:16:OTM8009A_Probe	40	static
