lv_color.h:611:26:lv_color_make	16	static
lv_color.h:687:26:lv_color_black	8	static
lv_area.h:133:26:lv_area_get_width	16	static
lv_font.h:118:26:lv_font_get_line_height	16	static
lv_bidi.h:129:20:lv_bidi_calculate_align	24	static
lv_mem.h:201:44:lv_memcpy_small	32	static
lv_draw_label.c:98:28:lv_draw_label_dsc_init	24	static
lv_draw_label.c:120:28:lv_draw_label	280	static
lv_draw_label.c:411:28:lv_draw_letter	72	static
lv_draw_label.c:469:35:draw_letter_normal	168	static
lv_draw_label.c:840:16:hex_char_to_num	24	static
