lv_color.h:488:42:lv_color_premult	16	static
lv_color.h:513:48:lv_color_mix_premult	24	static
lv_color.h:611:26:lv_color_make	16	static
lv_color.h:616:26:lv_color_hex	16	static
lv_color.h:683:26:lv_color_white	8	static
lv_color.h:687:26:lv_color_black	8	static
lv_area.h:120:20:lv_area_copy	16	static
lv_area.h:133:26:lv_area_get_width	16	static
lv_area.h:143:26:lv_area_get_height	16	static
lv_draw_img.c:59:6:lv_draw_img_dsc_init	24	static
lv_draw_img.c:76:6:lv_draw_img	32	static
lv_draw_img.c:102:9:lv_img_cf_get_px_size	24	static
lv_draw_img.c:147:6:lv_img_cf_is_chroma_keyed	24	static
lv_draw_img.c:174:6:lv_img_cf_has_alpha	24	static
lv_draw_img.c:207:14:lv_img_src_get_type	24	static
lv_draw_img.c:237:39:lv_img_draw_core	128	static
lv_draw_img.c:341:35:lv_draw_map	280	static
lv_draw_img.c:646:13:show_error	120	static
lv_draw_img.c:658:13:draw_cleanup	16	static
