lv_color.h:459:48:lv_color_mix	32	static
lv_color.h:611:26:lv_color_make	16	static
lv_color.h:683:26:lv_color_white	8	static
lv_color.h:687:26:lv_color_black	8	static
lv_area.h:120:20:lv_area_copy	16	static
lv_area.h:133:26:lv_area_get_width	16	static
lv_area.h:143:26:lv_area_get_height	16	static
lv_draw_rect.c:77:28:lv_draw_rect_dsc_init	24	static
lv_draw_rect.c:101:6:lv_draw_rect	24	static
lv_draw_rect.c:122:35:draw_bg	160	static
lv_draw_rect.c:313:35:draw_bg_img	144	static
lv_draw_rect.c:378:35:draw_border	72	static
lv_draw_rect.c:409:48:grad_get	32	static
lv_draw_rect.c:424:35:draw_shadow	208	static
lv_draw_rect.c:876:35:shadow_draw_corner_buf	128	static
lv_draw_rect.c:963:35:shadow_blur_corner	80	static
lv_draw_rect.c:1038:13:draw_outline	88	static
lv_draw_rect.c:1078:6:draw_border_generic	160	static
lv_draw_rect.c:1295:13:draw_border_simple	56	static
